
> moswords@0.1.0 apk:debug
> npx cap sync && cd android && .\gradlew.bat assembleDebug && cd .. && copy android\app\build\outputs\apk\debug\app-debug.apk apk\Moswords.apk

√ Copying web assets from public to android\app\src\main\assets\public in 18.26ms
√ Creating capacitor.config.json in android\app\src\main\assets in 1.07ms
√ copy android in 82.39ms
√ Updating Android plugins in 17.97ms
[info] Found 10 Capacitor plugins for android:
       @capacitor/app@8.0.1
       @capacitor/camera@8.0.1
       @capacitor/filesystem@8.1.2
       @capacitor/haptics@8.0.0
       @capacitor/keyboard@8.0.0
       @capacitor/local-notifications@8.0.1
       @capacitor/network@8.0.1
       @capacitor/push-notifications@8.1.1
       @capacitor/splash-screen@8.0.1
       @capacitor/status-bar@8.0.1
√ update android in 377.78ms
√ Copying web assets from public to ios\App\App\public in 14.60ms
√ Creating capacitor.config.json in ios\App\App in 860.70μs
√ copy ios in 115.41ms
√ Updating iOS plugins in 15.46ms
[info] All plugins have a Package.swift file and will be included in Package.swift
[info] Writing Package.swift
[info] Found 10 Capacitor plugins for ios:
       @capacitor/app@8.0.1
       @capacitor/camera@8.0.1
       @capacitor/filesystem@8.1.2
       @capacitor/haptics@8.0.0
       @capacitor/keyboard@8.0.0
       @capacitor/local-notifications@8.0.1
       @capacitor/network@8.0.1
       @capacitor/push-notifications@8.1.1
       @capacitor/splash-screen@8.0.1
       @capacitor/status-bar@8.0.1
√ update ios in 76.63ms
√ copy web in 36.08ms
√ update web in 39.45ms
[info] Sync finished in 0.996s
Starting a Gradle Daemon, 2 incompatible and 1 stopped Daemons could not be reused, use --status for details

> Configure project :app
google-services.json not found — push notifications via FCM will be disabled
WARNING: Using flatDir should be avoided because it doesn't support any meta-data formats.

> Configure project :capacitor-cordova-android-plugins
WARNING: Using flatDir should be avoided because it doesn't support any meta-data formats.

> Task :app:preBuild UP-TO-DATE
> Task :app:preDebugBuild UP-TO-DATE
> Task :app:mergeDebugNativeDebugMetadata NO-SOURCE
> Task :app:javaPreCompileDebug UP-TO-DATE
> Task :capacitor-android:preBuild UP-TO-DATE
> Task :capacitor-android:preDebugBuild UP-TO-DATE
> Task :capacitor-android:writeDebugAarMetadata UP-TO-DATE
> Task :capacitor-app:preBuild UP-TO-DATE
> Task :capacitor-app:preDebugBuild UP-TO-DATE
> Task :capacitor-app:writeDebugAarMetadata UP-TO-DATE
> Task :capacitor-camera:preBuild UP-TO-DATE
> Task :capacitor-camera:preDebugBuild UP-TO-DATE
> Task :capacitor-camera:writeDebugAarMetadata UP-TO-DATE
> Task :capacitor-cordova-android-plugins:preBuild UP-TO-DATE
> Task :capacitor-cordova-android-plugins:preDebugBuild UP-TO-DATE
> Task :capacitor-filesystem:preBuild UP-TO-DATE
> Task :capacitor-filesystem:preDebugBuild UP-TO-DATE
> Task :capacitor-filesystem:writeDebugAarMetadata UP-TO-DATE
> Task :capacitor-haptics:preBuild UP-TO-DATE
> Task :capacitor-haptics:preDebugBuild UP-TO-DATE
> Task :capacitor-haptics:writeDebugAarMetadata UP-TO-DATE
> Task :capacitor-keyboard:preBuild UP-TO-DATE
> Task :capacitor-keyboard:preDebugBuild UP-TO-DATE
> Task :capacitor-keyboard:writeDebugAarMetadata UP-TO-DATE
> Task :capacitor-local-notifications:preBuild UP-TO-DATE
> Task :capacitor-local-notifications:preDebugBuild UP-TO-DATE
> Task :capacitor-local-notifications:writeDebugAarMetadata UP-TO-DATE
> Task :capacitor-network:preBuild UP-TO-DATE
> Task :capacitor-network:preDebugBuild UP-TO-DATE
> Task :capacitor-network:writeDebugAarMetadata UP-TO-DATE
> Task :capacitor-push-notifications:preBuild UP-TO-DATE
> Task :capacitor-push-notifications:preDebugBuild UP-TO-DATE
> Task :capacitor-splash-screen:preBuild UP-TO-DATE
> Task :capacitor-splash-screen:preDebugBuild UP-TO-DATE
> Task :capacitor-splash-screen:writeDebugAarMetadata UP-TO-DATE
> Task :capacitor-status-bar:preBuild UP-TO-DATE
> Task :capacitor-cordova-android-plugins:writeDebugAarMetadata
> Task :capacitor-push-notifications:writeDebugAarMetadata
> Task :capacitor-status-bar:preDebugBuild UP-TO-DATE
> Task :capacitor-status-bar:writeDebugAarMetadata UP-TO-DATE
> Task :capacitor-android:processDebugNavigationResources UP-TO-DATE
> Task :capacitor-app:processDebugNavigationResources UP-TO-DATE
> Task :capacitor-camera:processDebugNavigationResources UP-TO-DATE
> Task :capacitor-cordova-android-plugins:processDebugNavigationResources
> Task :capacitor-filesystem:processDebugNavigationResources UP-TO-DATE
> Task :capacitor-haptics:processDebugNavigationResources UP-TO-DATE
> Task :app:checkDebugAarMetadata
> Task :capacitor-keyboard:processDebugNavigationResources UP-TO-DATE
> Task :capacitor-local-notifications:processDebugNavigationResources UP-TO-DATE
> Task :capacitor-network:processDebugNavigationResources UP-TO-DATE
> Task :capacitor-push-notifications:processDebugNavigationResources
> Task :capacitor-splash-screen:processDebugNavigationResources UP-TO-DATE
> Task :capacitor-status-bar:processDebugNavigationResources UP-TO-DATE
> Task :app:processDebugNavigationResources UP-TO-DATE
> Task :app:compileDebugNavigationResources UP-TO-DATE
> Task :app:generateDebugResValues UP-TO-DATE
> Task :capacitor-android:generateDebugResValues UP-TO-DATE
> Task :capacitor-android:generateDebugResources UP-TO-DATE
> Task :capacitor-android:packageDebugResources UP-TO-DATE
> Task :capacitor-app:generateDebugResValues UP-TO-DATE
> Task :capacitor-app:generateDebugResources UP-TO-DATE
> Task :capacitor-app:packageDebugResources UP-TO-DATE
> Task :capacitor-camera:generateDebugResValues UP-TO-DATE
> Task :capacitor-camera:generateDebugResources UP-TO-DATE
> Task :capacitor-camera:packageDebugResources UP-TO-DATE
> Task :capacitor-cordova-android-plugins:generateDebugResValues
> Task :capacitor-cordova-android-plugins:generateDebugResources
> Task :capacitor-cordova-android-plugins:packageDebugResources
> Task :capacitor-filesystem:generateDebugResValues UP-TO-DATE
> Task :capacitor-filesystem:generateDebugResources UP-TO-DATE
> Task :capacitor-filesystem:packageDebugResources UP-TO-DATE
> Task :capacitor-haptics:generateDebugResValues UP-TO-DATE
> Task :capacitor-haptics:generateDebugResources UP-TO-DATE
> Task :capacitor-haptics:packageDebugResources UP-TO-DATE
> Task :capacitor-keyboard:generateDebugResValues UP-TO-DATE
> Task :capacitor-keyboard:generateDebugResources UP-TO-DATE
> Task :capacitor-keyboard:packageDebugResources UP-TO-DATE
> Task :capacitor-local-notifications:generateDebugResValues UP-TO-DATE
> Task :capacitor-local-notifications:generateDebugResources UP-TO-DATE
> Task :capacitor-local-notifications:packageDebugResources UP-TO-DATE
> Task :capacitor-network:generateDebugResValues UP-TO-DATE
> Task :capacitor-network:generateDebugResources UP-TO-DATE
> Task :capacitor-network:packageDebugResources UP-TO-DATE
> Task :capacitor-push-notifications:generateDebugResValues
> Task :capacitor-push-notifications:generateDebugResources
> Task :capacitor-push-notifications:packageDebugResources
> Task :capacitor-splash-screen:generateDebugResValues UP-TO-DATE
> Task :capacitor-splash-screen:generateDebugResources UP-TO-DATE
> Task :capacitor-splash-screen:packageDebugResources UP-TO-DATE
> Task :capacitor-status-bar:generateDebugResValues UP-TO-DATE
> Task :capacitor-status-bar:generateDebugResources UP-TO-DATE
> Task :capacitor-status-bar:packageDebugResources UP-TO-DATE
> Task :app:mapDebugSourceSetPaths
> Task :app:generateDebugResources UP-TO-DATE
> Task :app:packageDebugResources UP-TO-DATE
> Task :app:parseDebugLocalResources UP-TO-DATE
> Task :app:createDebugCompatibleScreenManifests UP-TO-DATE
> Task :app:extractDeepLinksDebug UP-TO-DATE
> Task :capacitor-android:extractDeepLinksDebug UP-TO-DATE
> Task :capacitor-android:processDebugManifest UP-TO-DATE
> Task :capacitor-app:extractDeepLinksDebug UP-TO-DATE
> Task :capacitor-app:processDebugManifest UP-TO-DATE
> Task :capacitor-camera:extractDeepLinksDebug UP-TO-DATE
> Task :capacitor-camera:processDebugManifest UP-TO-DATE
> Task :capacitor-cordova-android-plugins:extractDeepLinksDebug
> Task :capacitor-filesystem:extractDeepLinksDebug UP-TO-DATE
> Task :capacitor-filesystem:processDebugManifest UP-TO-DATE
> Task :capacitor-haptics:extractDeepLinksDebug UP-TO-DATE
> Task :capacitor-haptics:processDebugManifest UP-TO-DATE
> Task :capacitor-keyboard:extractDeepLinksDebug UP-TO-DATE
> Task :capacitor-keyboard:processDebugManifest UP-TO-DATE
> Task :capacitor-local-notifications:extractDeepLinksDebug UP-TO-DATE
> Task :capacitor-local-notifications:processDebugManifest UP-TO-DATE
> Task :capacitor-network:extractDeepLinksDebug UP-TO-DATE
> Task :capacitor-network:processDebugManifest UP-TO-DATE
> Task :capacitor-push-notifications:extractDeepLinksDebug
> Task :capacitor-splash-screen:extractDeepLinksDebug UP-TO-DATE
> Task :capacitor-splash-screen:processDebugManifest UP-TO-DATE
> Task :capacitor-status-bar:extractDeepLinksDebug UP-TO-DATE
> Task :capacitor-status-bar:processDebugManifest UP-TO-DATE
> Task :capacitor-android:compileDebugLibraryResources UP-TO-DATE
> Task :capacitor-android:parseDebugLocalResources UP-TO-DATE
> Task :capacitor-android:generateDebugRFile UP-TO-DATE
> Task :capacitor-app:compileDebugLibraryResources UP-TO-DATE
> Task :capacitor-app:parseDebugLocalResources UP-TO-DATE
> Task :capacitor-app:generateDebugRFile UP-TO-DATE
> Task :capacitor-camera:compileDebugLibraryResources UP-TO-DATE
> Task :capacitor-camera:parseDebugLocalResources UP-TO-DATE
> Task :capacitor-camera:generateDebugRFile UP-TO-DATE
> Task :capacitor-push-notifications:processDebugManifest
> Task :capacitor-cordova-android-plugins:processDebugManifest
> Task :capacitor-cordova-android-plugins:compileDebugLibraryResources
> Task :app:processDebugMainManifest
> Task :app:processDebugManifest
> Task :capacitor-filesystem:compileDebugLibraryResources UP-TO-DATE
> Task :capacitor-filesystem:parseDebugLocalResources UP-TO-DATE
> Task :capacitor-filesystem:generateDebugRFile UP-TO-DATE
> Task :capacitor-haptics:compileDebugLibraryResources UP-TO-DATE
> Task :capacitor-haptics:parseDebugLocalResources UP-TO-DATE
> Task :capacitor-haptics:generateDebugRFile UP-TO-DATE
> Task :capacitor-keyboard:compileDebugLibraryResources UP-TO-DATE
> Task :capacitor-keyboard:parseDebugLocalResources UP-TO-DATE
> Task :capacitor-keyboard:generateDebugRFile UP-TO-DATE
> Task :capacitor-local-notifications:compileDebugLibraryResources UP-TO-DATE
> Task :capacitor-local-notifications:parseDebugLocalResources UP-TO-DATE
> Task :capacitor-local-notifications:generateDebugRFile UP-TO-DATE
> Task :capacitor-network:compileDebugLibraryResources UP-TO-DATE
> Task :capacitor-cordova-android-plugins:parseDebugLocalResources
> Task :app:mergeDebugResources
> Task :capacitor-network:parseDebugLocalResources UP-TO-DATE
> Task :capacitor-network:generateDebugRFile UP-TO-DATE
> Task :capacitor-push-notifications:compileDebugLibraryResources
> Task :capacitor-splash-screen:compileDebugLibraryResources UP-TO-DATE
> Task :capacitor-splash-screen:parseDebugLocalResources UP-TO-DATE
> Task :capacitor-splash-screen:generateDebugRFile UP-TO-DATE
> Task :capacitor-status-bar:compileDebugLibraryResources UP-TO-DATE
> Task :capacitor-status-bar:parseDebugLocalResources UP-TO-DATE
> Task :capacitor-push-notifications:parseDebugLocalResources
> Task :capacitor-status-bar:generateDebugRFile UP-TO-DATE
> Task :capacitor-android:javaPreCompileDebug UP-TO-DATE
> Task :capacitor-push-notifications:generateDebugRFile
> Task :capacitor-cordova-android-plugins:generateDebugRFile
> Task :capacitor-android:compileDebugJavaWithJavac UP-TO-DATE
> Task :capacitor-android:bundleLibCompileToJarDebug UP-TO-DATE
> Task :capacitor-app:javaPreCompileDebug UP-TO-DATE
> Task :capacitor-app:compileDebugJavaWithJavac UP-TO-DATE
> Task :capacitor-app:bundleLibCompileToJarDebug UP-TO-DATE
> Task :capacitor-camera:javaPreCompileDebug UP-TO-DATE
> Task :capacitor-camera:compileDebugJavaWithJavac UP-TO-DATE
> Task :capacitor-camera:bundleLibCompileToJarDebug UP-TO-DATE
> Task :capacitor-filesystem:checkKotlinGradlePluginConfigurationErrors SKIPPED
> Task :capacitor-cordova-android-plugins:javaPreCompileDebug
> Task :capacitor-filesystem:compileDebugKotlin UP-TO-DATE
> Task :capacitor-cordova-android-plugins:compileDebugJavaWithJavac NO-SOURCE
> Task :capacitor-filesystem:javaPreCompileDebug UP-TO-DATE
> Task :capacitor-filesystem:compileDebugJavaWithJavac NO-SOURCE
> Task :capacitor-filesystem:bundleLibCompileToJarDebug UP-TO-DATE
> Task :capacitor-haptics:javaPreCompileDebug UP-TO-DATE
> Task :capacitor-cordova-android-plugins:bundleLibCompileToJarDebug
> Task :capacitor-haptics:compileDebugJavaWithJavac UP-TO-DATE
> Task :capacitor-haptics:bundleLibCompileToJarDebug UP-TO-DATE
> Task :capacitor-keyboard:javaPreCompileDebug UP-TO-DATE
> Task :capacitor-keyboard:compileDebugJavaWithJavac UP-TO-DATE
> Task :app:processDebugManifestForPackage
> Task :capacitor-keyboard:bundleLibCompileToJarDebug UP-TO-DATE
> Task :capacitor-local-notifications:javaPreCompileDebug UP-TO-DATE
> Task :capacitor-local-notifications:compileDebugJavaWithJavac UP-TO-DATE
> Task :capacitor-local-notifications:bundleLibCompileToJarDebug UP-TO-DATE
> Task :capacitor-network:javaPreCompileDebug UP-TO-DATE
> Task :capacitor-network:compileDebugJavaWithJavac UP-TO-DATE
> Task :capacitor-network:bundleLibCompileToJarDebug UP-TO-DATE
> Task :capacitor-splash-screen:javaPreCompileDebug UP-TO-DATE
> Task :capacitor-push-notifications:javaPreCompileDebug
> Task :capacitor-splash-screen:compileDebugJavaWithJavac UP-TO-DATE

> Task :capacitor-push-notifications:compileDebugJavaWithJavac
Note: K:\Projects\moswords\node_modules\@capacitor\push-notifications\android\src\main\java\com\capacitorjs\plugins\pushnotifications\PushNotificationsPlugin.java uses or overrides a deprecated API.
Note: Recompile with -Xlint:deprecation for details.

> Task :capacitor-splash-screen:bundleLibCompileToJarDebug UP-TO-DATE
> Task :capacitor-status-bar:javaPreCompileDebug UP-TO-DATE
> Task :capacitor-status-bar:compileDebugJavaWithJavac UP-TO-DATE
> Task :capacitor-status-bar:bundleLibCompileToJarDebug UP-TO-DATE
> Task :app:mergeDebugShaders UP-TO-DATE
> Task :app:compileDebugShaders NO-SOURCE
> Task :app:generateDebugAssets UP-TO-DATE
> Task :capacitor-android:mergeDebugShaders UP-TO-DATE
> Task :capacitor-push-notifications:bundleLibCompileToJarDebug
> Task :capacitor-android:compileDebugShaders NO-SOURCE
> Task :capacitor-android:generateDebugAssets UP-TO-DATE
> Task :capacitor-android:mergeDebugAssets UP-TO-DATE
> Task :capacitor-app:mergeDebugShaders UP-TO-DATE
> Task :capacitor-app:compileDebugShaders NO-SOURCE
> Task :capacitor-app:generateDebugAssets UP-TO-DATE
> Task :capacitor-app:mergeDebugAssets UP-TO-DATE
> Task :capacitor-camera:mergeDebugShaders UP-TO-DATE
> Task :capacitor-camera:compileDebugShaders NO-SOURCE
> Task :capacitor-camera:generateDebugAssets UP-TO-DATE
> Task :capacitor-camera:mergeDebugAssets UP-TO-DATE
> Task :capacitor-cordova-android-plugins:mergeDebugShaders
> Task :capacitor-cordova-android-plugins:compileDebugShaders NO-SOURCE
> Task :capacitor-cordova-android-plugins:generateDebugAssets UP-TO-DATE
> Task :capacitor-cordova-android-plugins:mergeDebugAssets
> Task :capacitor-filesystem:mergeDebugShaders UP-TO-DATE
> Task :capacitor-filesystem:compileDebugShaders NO-SOURCE
> Task :capacitor-filesystem:generateDebugAssets UP-TO-DATE
> Task :capacitor-filesystem:mergeDebugAssets UP-TO-DATE
> Task :capacitor-haptics:mergeDebugShaders UP-TO-DATE
> Task :capacitor-haptics:compileDebugShaders NO-SOURCE
> Task :capacitor-haptics:generateDebugAssets UP-TO-DATE
> Task :capacitor-haptics:mergeDebugAssets UP-TO-DATE
> Task :capacitor-keyboard:mergeDebugShaders UP-TO-DATE
> Task :capacitor-keyboard:compileDebugShaders NO-SOURCE
> Task :capacitor-keyboard:generateDebugAssets UP-TO-DATE
> Task :capacitor-keyboard:mergeDebugAssets UP-TO-DATE
> Task :capacitor-local-notifications:mergeDebugShaders UP-TO-DATE
> Task :capacitor-local-notifications:compileDebugShaders NO-SOURCE
> Task :capacitor-local-notifications:generateDebugAssets UP-TO-DATE
> Task :capacitor-local-notifications:mergeDebugAssets UP-TO-DATE
> Task :capacitor-network:mergeDebugShaders UP-TO-DATE
> Task :capacitor-network:compileDebugShaders NO-SOURCE
> Task :capacitor-network:generateDebugAssets UP-TO-DATE
> Task :capacitor-network:mergeDebugAssets UP-TO-DATE
> Task :capacitor-push-notifications:mergeDebugShaders
> Task :capacitor-push-notifications:compileDebugShaders NO-SOURCE
> Task :capacitor-push-notifications:generateDebugAssets UP-TO-DATE
> Task :capacitor-push-notifications:mergeDebugAssets
> Task :capacitor-splash-screen:mergeDebugShaders UP-TO-DATE
> Task :capacitor-splash-screen:compileDebugShaders NO-SOURCE
> Task :capacitor-splash-screen:generateDebugAssets UP-TO-DATE
> Task :capacitor-splash-screen:mergeDebugAssets UP-TO-DATE
> Task :capacitor-status-bar:mergeDebugShaders UP-TO-DATE
> Task :capacitor-status-bar:compileDebugShaders NO-SOURCE
> Task :capacitor-status-bar:generateDebugAssets UP-TO-DATE
> Task :capacitor-status-bar:mergeDebugAssets UP-TO-DATE
> Task :app:mergeDebugAssets
> Task :capacitor-app:bundleLibRuntimeToJarDebug UP-TO-DATE
> Task :capacitor-camera:bundleLibRuntimeToJarDebug UP-TO-DATE
> Task :capacitor-filesystem:bundleLibRuntimeToJarDebug UP-TO-DATE
> Task :capacitor-haptics:bundleLibRuntimeToJarDebug UP-TO-DATE
> Task :capacitor-keyboard:bundleLibRuntimeToJarDebug UP-TO-DATE
> Task :capacitor-local-notifications:bundleLibRuntimeToJarDebug UP-TO-DATE
> Task :capacitor-network:bundleLibRuntimeToJarDebug UP-TO-DATE
> Task :capacitor-splash-screen:bundleLibRuntimeToJarDebug UP-TO-DATE
> Task :capacitor-push-notifications:bundleLibRuntimeToJarDebug
> Task :capacitor-status-bar:bundleLibRuntimeToJarDebug UP-TO-DATE
> Task :capacitor-android:bundleLibRuntimeToJarDebug UP-TO-DATE
> Task :app:compressDebugAssets
> Task :app:desugarDebugFileDependencies UP-TO-DATE
> Task :app:processDebugJavaRes NO-SOURCE
> Task :capacitor-android:processDebugJavaRes NO-SOURCE
> Task :capacitor-app:processDebugJavaRes NO-SOURCE
> Task :capacitor-cordova-android-plugins:bundleLibRuntimeToJarDebug
> Task :capacitor-camera:processDebugJavaRes NO-SOURCE
> Task :app:processDebugResources
> Task :capacitor-cordova-android-plugins:processDebugJavaRes NO-SOURCE
> Task :app:compileDebugJavaWithJavac UP-TO-DATE
> Task :app:dexBuilderDebug
> Task :capacitor-filesystem:processDebugJavaRes UP-TO-DATE
> Task :capacitor-haptics:processDebugJavaRes NO-SOURCE
> Task :capacitor-keyboard:processDebugJavaRes NO-SOURCE
> Task :capacitor-local-notifications:processDebugJavaRes NO-SOURCE
> Task :capacitor-network:processDebugJavaRes NO-SOURCE
> Task :capacitor-push-notifications:processDebugJavaRes NO-SOURCE
> Task :capacitor-splash-screen:processDebugJavaRes NO-SOURCE
> Task :capacitor-status-bar:processDebugJavaRes NO-SOURCE
> Task :app:checkDebugDuplicateClasses
> Task :app:mergeDebugJavaResource
> Task :app:mergeDebugGlobalSynthetics UP-TO-DATE
> Task :capacitor-app:bundleLibRuntimeToDirDebug UP-TO-DATE
> Task :capacitor-camera:bundleLibRuntimeToDirDebug UP-TO-DATE
> Task :capacitor-filesystem:bundleLibRuntimeToDirDebug UP-TO-DATE
> Task :capacitor-haptics:bundleLibRuntimeToDirDebug UP-TO-DATE
> Task :capacitor-keyboard:bundleLibRuntimeToDirDebug UP-TO-DATE
> Task :capacitor-local-notifications:bundleLibRuntimeToDirDebug UP-TO-DATE
> Task :capacitor-network:bundleLibRuntimeToDirDebug UP-TO-DATE
> Task :capacitor-splash-screen:bundleLibRuntimeToDirDebug UP-TO-DATE
> Task :capacitor-status-bar:bundleLibRuntimeToDirDebug UP-TO-DATE
> Task :capacitor-android:bundleLibRuntimeToDirDebug UP-TO-DATE
> Task :capacitor-cordova-android-plugins:bundleLibRuntimeToDirDebug
> Task :app:mergeDebugJniLibFolders UP-TO-DATE
> Task :capacitor-push-notifications:bundleLibRuntimeToDirDebug
> Task :capacitor-android:mergeDebugJniLibFolders UP-TO-DATE
> Task :capacitor-android:mergeDebugNativeLibs NO-SOURCE
> Task :capacitor-android:copyDebugJniLibsProjectOnly UP-TO-DATE
> Task :capacitor-app:mergeDebugJniLibFolders UP-TO-DATE
> Task :capacitor-app:mergeDebugNativeLibs NO-SOURCE
> Task :capacitor-app:copyDebugJniLibsProjectOnly UP-TO-DATE
> Task :capacitor-camera:mergeDebugJniLibFolders UP-TO-DATE
> Task :capacitor-camera:mergeDebugNativeLibs NO-SOURCE
> Task :capacitor-camera:copyDebugJniLibsProjectOnly UP-TO-DATE
> Task :capacitor-cordova-android-plugins:mergeDebugJniLibFolders
> Task :capacitor-cordova-android-plugins:mergeDebugNativeLibs NO-SOURCE
> Task :capacitor-filesystem:mergeDebugJniLibFolders UP-TO-DATE
> Task :capacitor-cordova-android-plugins:copyDebugJniLibsProjectOnly
> Task :capacitor-filesystem:mergeDebugNativeLibs NO-SOURCE
> Task :capacitor-filesystem:copyDebugJniLibsProjectOnly UP-TO-DATE
> Task :capacitor-haptics:mergeDebugJniLibFolders UP-TO-DATE
> Task :capacitor-haptics:mergeDebugNativeLibs NO-SOURCE
> Task :capacitor-haptics:copyDebugJniLibsProjectOnly UP-TO-DATE
> Task :capacitor-keyboard:mergeDebugJniLibFolders UP-TO-DATE
> Task :capacitor-keyboard:mergeDebugNativeLibs NO-SOURCE
> Task :capacitor-keyboard:copyDebugJniLibsProjectOnly UP-TO-DATE
> Task :capacitor-local-notifications:mergeDebugJniLibFolders UP-TO-DATE
> Task :capacitor-local-notifications:mergeDebugNativeLibs NO-SOURCE
> Task :capacitor-local-notifications:copyDebugJniLibsProjectOnly UP-TO-DATE
> Task :capacitor-network:mergeDebugJniLibFolders UP-TO-DATE
> Task :capacitor-network:mergeDebugNativeLibs NO-SOURCE
> Task :capacitor-network:copyDebugJniLibsProjectOnly UP-TO-DATE
> Task :capacitor-push-notifications:mergeDebugJniLibFolders
> Task :capacitor-push-notifications:mergeDebugNativeLibs NO-SOURCE
> Task :capacitor-push-notifications:copyDebugJniLibsProjectOnly
> Task :capacitor-splash-screen:mergeDebugJniLibFolders UP-TO-DATE
> Task :capacitor-splash-screen:mergeDebugNativeLibs NO-SOURCE
> Task :capacitor-splash-screen:copyDebugJniLibsProjectOnly UP-TO-DATE
> Task :capacitor-status-bar:mergeDebugJniLibFolders UP-TO-DATE
> Task :capacitor-status-bar:mergeDebugNativeLibs NO-SOURCE
> Task :capacitor-status-bar:copyDebugJniLibsProjectOnly UP-TO-DATE
> Task :app:mergeLibDexDebug
> Task :app:validateSigningDebug UP-TO-DATE
> Task :app:mergeProjectDexDebug
> Task :app:writeDebugAppMetadata UP-TO-DATE
> Task :app:writeDebugSigningConfigVersions UP-TO-DATE
> Task :capacitor-android:checkDebugAarMetadata UP-TO-DATE
> Task :capacitor-android:stripDebugDebugSymbols NO-SOURCE
> Task :capacitor-android:copyDebugJniLibsProjectAndLocalJars UP-TO-DATE
> Task :capacitor-android:extractDebugAnnotations UP-TO-DATE
> Task :capacitor-android:extractDeepLinksForAarDebug UP-TO-DATE
> Task :capacitor-android:mergeDebugGeneratedProguardFiles UP-TO-DATE
> Task :capacitor-android:mergeDebugConsumerProguardFiles UP-TO-DATE
> Task :capacitor-android:prepareDebugArtProfile UP-TO-DATE
> Task :capacitor-android:prepareLintJarForPublish UP-TO-DATE
> Task :capacitor-android:mergeDebugJavaResource UP-TO-DATE
> Task :capacitor-android:syncDebugLibJars UP-TO-DATE
> Task :capacitor-android:bundleDebugAar UP-TO-DATE
> Task :capacitor-android:assembleDebug UP-TO-DATE
> Task :capacitor-app:checkDebugAarMetadata UP-TO-DATE
> Task :capacitor-app:stripDebugDebugSymbols NO-SOURCE
> Task :capacitor-app:copyDebugJniLibsProjectAndLocalJars UP-TO-DATE
> Task :capacitor-app:extractDebugAnnotations UP-TO-DATE
> Task :capacitor-app:extractDeepLinksForAarDebug UP-TO-DATE
> Task :capacitor-app:mergeDebugGeneratedProguardFiles UP-TO-DATE
> Task :capacitor-app:mergeDebugConsumerProguardFiles UP-TO-DATE
> Task :capacitor-app:prepareDebugArtProfile UP-TO-DATE
> Task :capacitor-app:prepareLintJarForPublish UP-TO-DATE
> Task :capacitor-app:mergeDebugJavaResource UP-TO-DATE
> Task :capacitor-app:syncDebugLibJars UP-TO-DATE
> Task :capacitor-app:bundleDebugAar UP-TO-DATE
> Task :capacitor-app:assembleDebug UP-TO-DATE
> Task :capacitor-camera:checkDebugAarMetadata UP-TO-DATE
> Task :capacitor-camera:stripDebugDebugSymbols NO-SOURCE
> Task :capacitor-camera:copyDebugJniLibsProjectAndLocalJars UP-TO-DATE
> Task :capacitor-camera:extractDebugAnnotations UP-TO-DATE
> Task :capacitor-camera:extractDeepLinksForAarDebug UP-TO-DATE
> Task :capacitor-camera:mergeDebugGeneratedProguardFiles UP-TO-DATE
> Task :capacitor-camera:mergeDebugConsumerProguardFiles UP-TO-DATE
> Task :capacitor-camera:prepareDebugArtProfile UP-TO-DATE
> Task :capacitor-camera:prepareLintJarForPublish UP-TO-DATE
> Task :capacitor-camera:mergeDebugJavaResource UP-TO-DATE
> Task :capacitor-camera:syncDebugLibJars UP-TO-DATE
> Task :capacitor-camera:bundleDebugAar UP-TO-DATE
> Task :capacitor-camera:assembleDebug UP-TO-DATE
> Task :app:mergeDebugNativeLibs
> Task :capacitor-cordova-android-plugins:checkDebugAarMetadata
> Task :capacitor-cordova-android-plugins:stripDebugDebugSymbols NO-SOURCE
> Task :capacitor-cordova-android-plugins:copyDebugJniLibsProjectAndLocalJars

> Task :app:stripDebugDebugSymbols
Unable to strip the following libraries, packaging them as they are: libdatastore_shared_counter.so. Run with --info option to learn more.

> Task :capacitor-cordova-android-plugins:extractDebugAnnotations
> Task :capacitor-cordova-android-plugins:extractDeepLinksForAarDebug UP-TO-DATE
> Task :capacitor-cordova-android-plugins:mergeDebugGeneratedProguardFiles UP-TO-DATE
> Task :capacitor-cordova-android-plugins:mergeDebugConsumerProguardFiles UP-TO-DATE
> Task :capacitor-cordova-android-plugins:prepareDebugArtProfile UP-TO-DATE
> Task :capacitor-cordova-android-plugins:prepareLintJarForPublish UP-TO-DATE
> Task :capacitor-filesystem:checkDebugAarMetadata UP-TO-DATE
> Task :capacitor-filesystem:stripDebugDebugSymbols NO-SOURCE
> Task :capacitor-filesystem:copyDebugJniLibsProjectAndLocalJars UP-TO-DATE
> Task :capacitor-cordova-android-plugins:mergeDebugJavaResource
> Task :capacitor-filesystem:extractDebugAnnotations UP-TO-DATE
> Task :capacitor-cordova-android-plugins:syncDebugLibJars
> Task :capacitor-cordova-android-plugins:bundleDebugAar
> Task :capacitor-cordova-android-plugins:assembleDebug
> Task :capacitor-filesystem:extractDeepLinksForAarDebug UP-TO-DATE
> Task :capacitor-filesystem:mergeDebugGeneratedProguardFiles UP-TO-DATE
> Task :capacitor-filesystem:mergeDebugConsumerProguardFiles UP-TO-DATE
> Task :capacitor-filesystem:prepareDebugArtProfile UP-TO-DATE
> Task :capacitor-filesystem:prepareLintJarForPublish UP-TO-DATE
> Task :capacitor-filesystem:mergeDebugJavaResource UP-TO-DATE
> Task :capacitor-filesystem:syncDebugLibJars UP-TO-DATE
> Task :capacitor-filesystem:bundleDebugAar UP-TO-DATE
> Task :capacitor-filesystem:assembleDebug UP-TO-DATE
> Task :capacitor-haptics:checkDebugAarMetadata UP-TO-DATE
> Task :capacitor-haptics:stripDebugDebugSymbols NO-SOURCE
> Task :capacitor-haptics:copyDebugJniLibsProjectAndLocalJars UP-TO-DATE
> Task :capacitor-haptics:extractDebugAnnotations UP-TO-DATE
> Task :capacitor-haptics:extractDeepLinksForAarDebug UP-TO-DATE
> Task :capacitor-haptics:mergeDebugGeneratedProguardFiles UP-TO-DATE
> Task :capacitor-haptics:mergeDebugConsumerProguardFiles UP-TO-DATE
> Task :capacitor-haptics:prepareDebugArtProfile UP-TO-DATE
> Task :capacitor-haptics:prepareLintJarForPublish UP-TO-DATE
> Task :capacitor-haptics:mergeDebugJavaResource UP-TO-DATE
> Task :capacitor-haptics:syncDebugLibJars UP-TO-DATE
> Task :capacitor-haptics:bundleDebugAar UP-TO-DATE
> Task :capacitor-haptics:assembleDebug UP-TO-DATE
> Task :capacitor-keyboard:checkDebugAarMetadata UP-TO-DATE
> Task :capacitor-keyboard:stripDebugDebugSymbols NO-SOURCE
> Task :capacitor-keyboard:copyDebugJniLibsProjectAndLocalJars UP-TO-DATE
> Task :capacitor-keyboard:extractDebugAnnotations UP-TO-DATE
> Task :capacitor-keyboard:extractDeepLinksForAarDebug UP-TO-DATE
> Task :capacitor-keyboard:mergeDebugGeneratedProguardFiles UP-TO-DATE
> Task :capacitor-keyboard:mergeDebugConsumerProguardFiles UP-TO-DATE
> Task :capacitor-keyboard:prepareDebugArtProfile UP-TO-DATE
> Task :capacitor-keyboard:prepareLintJarForPublish UP-TO-DATE
> Task :capacitor-keyboard:mergeDebugJavaResource UP-TO-DATE
> Task :capacitor-keyboard:syncDebugLibJars UP-TO-DATE
> Task :capacitor-keyboard:bundleDebugAar UP-TO-DATE
> Task :capacitor-keyboard:assembleDebug UP-TO-DATE
> Task :capacitor-local-notifications:checkDebugAarMetadata UP-TO-DATE
> Task :capacitor-local-notifications:stripDebugDebugSymbols NO-SOURCE
> Task :capacitor-local-notifications:copyDebugJniLibsProjectAndLocalJars UP-TO-DATE
> Task :capacitor-local-notifications:extractDebugAnnotations UP-TO-DATE
> Task :capacitor-local-notifications:extractDeepLinksForAarDebug UP-TO-DATE
> Task :capacitor-local-notifications:mergeDebugGeneratedProguardFiles UP-TO-DATE
> Task :capacitor-local-notifications:mergeDebugConsumerProguardFiles UP-TO-DATE
> Task :capacitor-local-notifications:prepareDebugArtProfile UP-TO-DATE
> Task :capacitor-local-notifications:prepareLintJarForPublish UP-TO-DATE
> Task :capacitor-local-notifications:mergeDebugJavaResource UP-TO-DATE
> Task :capacitor-local-notifications:syncDebugLibJars UP-TO-DATE
> Task :capacitor-local-notifications:bundleDebugAar UP-TO-DATE
> Task :capacitor-local-notifications:assembleDebug UP-TO-DATE
> Task :capacitor-network:checkDebugAarMetadata UP-TO-DATE
> Task :capacitor-network:stripDebugDebugSymbols NO-SOURCE
> Task :capacitor-network:copyDebugJniLibsProjectAndLocalJars UP-TO-DATE
> Task :capacitor-network:extractDebugAnnotations UP-TO-DATE
> Task :capacitor-network:extractDeepLinksForAarDebug UP-TO-DATE
> Task :capacitor-network:mergeDebugGeneratedProguardFiles UP-TO-DATE
> Task :capacitor-network:mergeDebugConsumerProguardFiles UP-TO-DATE
> Task :capacitor-network:prepareDebugArtProfile UP-TO-DATE
> Task :capacitor-network:prepareLintJarForPublish UP-TO-DATE
> Task :capacitor-network:mergeDebugJavaResource UP-TO-DATE
> Task :capacitor-network:syncDebugLibJars UP-TO-DATE
> Task :capacitor-network:bundleDebugAar UP-TO-DATE
> Task :capacitor-network:assembleDebug UP-TO-DATE
> Task :capacitor-push-notifications:stripDebugDebugSymbols NO-SOURCE
> Task :capacitor-push-notifications:copyDebugJniLibsProjectAndLocalJars
> Task :capacitor-push-notifications:checkDebugAarMetadata
> Task :capacitor-push-notifications:extractDebugAnnotations
> Task :capacitor-push-notifications:extractDeepLinksForAarDebug
> Task :capacitor-push-notifications:mergeDebugGeneratedProguardFiles
> Task :capacitor-push-notifications:mergeDebugConsumerProguardFiles
> Task :capacitor-push-notifications:prepareDebugArtProfile
> Task :capacitor-push-notifications:prepareLintJarForPublish UP-TO-DATE
> Task :capacitor-splash-screen:checkDebugAarMetadata UP-TO-DATE
> Task :capacitor-splash-screen:stripDebugDebugSymbols NO-SOURCE
> Task :capacitor-splash-screen:copyDebugJniLibsProjectAndLocalJars UP-TO-DATE
> Task :capacitor-push-notifications:mergeDebugJavaResource
> Task :capacitor-splash-screen:extractDebugAnnotations UP-TO-DATE
> Task :capacitor-push-notifications:syncDebugLibJars
> Task :capacitor-push-notifications:bundleDebugAar
> Task :capacitor-push-notifications:assembleDebug
> Task :capacitor-splash-screen:extractDeepLinksForAarDebug UP-TO-DATE
> Task :capacitor-splash-screen:mergeDebugGeneratedProguardFiles UP-TO-DATE
> Task :capacitor-splash-screen:mergeDebugConsumerProguardFiles UP-TO-DATE
> Task :capacitor-splash-screen:prepareDebugArtProfile UP-TO-DATE
> Task :capacitor-splash-screen:prepareLintJarForPublish UP-TO-DATE
> Task :capacitor-splash-screen:mergeDebugJavaResource UP-TO-DATE
> Task :capacitor-splash-screen:syncDebugLibJars UP-TO-DATE
> Task :capacitor-splash-screen:bundleDebugAar UP-TO-DATE
> Task :capacitor-splash-screen:assembleDebug UP-TO-DATE
> Task :capacitor-status-bar:checkDebugAarMetadata UP-TO-DATE
> Task :capacitor-status-bar:stripDebugDebugSymbols NO-SOURCE
> Task :capacitor-status-bar:copyDebugJniLibsProjectAndLocalJars UP-TO-DATE
> Task :capacitor-status-bar:extractDebugAnnotations UP-TO-DATE
> Task :capacitor-status-bar:extractDeepLinksForAarDebug UP-TO-DATE
> Task :capacitor-status-bar:mergeDebugGeneratedProguardFiles UP-TO-DATE
> Task :capacitor-status-bar:mergeDebugConsumerProguardFiles UP-TO-DATE
> Task :capacitor-status-bar:prepareDebugArtProfile UP-TO-DATE
> Task :capacitor-status-bar:prepareLintJarForPublish UP-TO-DATE
> Task :capacitor-status-bar:mergeDebugJavaResource UP-TO-DATE
> Task :capacitor-status-bar:syncDebugLibJars UP-TO-DATE
> Task :capacitor-status-bar:bundleDebugAar UP-TO-DATE
> Task :capacitor-status-bar:assembleDebug UP-TO-DATE
> Task :app:mergeExtDexDebug
> Task :app:packageDebug
> Task :app:createDebugApkListingFileRedirect UP-TO-DATE
> Task :app:assembleDebug

[Incubating] Problems report is available at: file:///K:/Projects/moswords/android/build/reports/problems/problems-report.html

Deprecated Gradle features were used in this build, making it incompatible with Gradle 9.0.

You can use '--warning-mode all' to show the individual deprecation warnings and determine if they come from your own scripts or plugins.

For more on this, please refer to https://docs.gradle.org/8.14.3/userguide/command_line_interface.html#sec:command_line_warnings in the Gradle documentation.

BUILD SUCCESSFUL in 43s
396 actionable tasks: 71 executed, 325 up-to-date
        1 file(s) copied.
